// Jest Snapshot v1, https://goo.gl/fbAQLP

exports[`Breadcrumb renders defaultProps 1`] = `
<ol
  className="form__steps space-box-medium"
>
  <li
    className="form__steps-item form__steps-item--active"
  >
    Seu pedido
  </li>
  <li
    className="form__steps-item "
  >
    Seus dados
  </li>
</ol>
`;
