// Jest Snapshot v1, https://goo.gl/fbAQLP

exports[`Field renders defaultProps 1`] = `
<div
  className="form__field"
>
  <label
    className="form__label"
    htmlFor="test"
  >
    test
  </label>
  <input
    className="form__input form__input--invalid"
    id="bora-pra-action"
    maxLength={255}
    minLength={1}
    name="nameTest"
    onBlur={[Function]}
    onChange={[Function]}
    placeholder=""
    required="false"
    title=""
    type="text"
    value=""
  />
  <span
    className="form__message form__message--invalid space-element-small error"
  >
    Erro!
  </span>
</div>
`;
