// Jest Snapshot v1, https://goo.gl/fbAQLP

exports[`Radio renders defaultProps 1`] = `<ul />`;
