// Jest Snapshot v1, https://goo.gl/fbAQLP

exports[`FormVue.vue check if form is redering form 1`] = `
<form
  class="jason"
>
  <div>
    <h1>
      Step 
    </h1>
      
    <!---->
     
    <button>
      Next
    </button>
  </div>
</form>
`;
